=== node: node01
NVIDIA H100 80GB HBM3, 575.51.03, 81559 MiB
| NVIDIA-SMI 575.51.03              Driver Version: 575.51.03      CUDA Version: 12.9     |
=== creating venv /home/psk6950/FlashAttentionBias/aug_attn_bench/.venv
Requirement already satisfied: pip in /home/psk6950/FlashAttentionBias/aug_attn_bench/.venv/lib/python3.12/site-packages (25.0.1)
Collecting pip
  Using cached pip-26.1.1-py3-none-any.whl.metadata (4.6 kB)
Using cached pip-26.1.1-py3-none-any.whl (1.8 MB)
Installing collected packages: pip
  Attempting uninstall: pip
    Found existing installation: pip 25.0.1
    Uninstalling pip-25.0.1:
      Successfully uninstalled pip-25.0.1
Successfully installed pip-26.1.1
Looking in indexes: https://download.pytorch.org/whl/cu126
Collecting torch==2.8.0
  Downloading torch-2.8.0%2Bcu126-cp312-cp312-manylinux_2_28_x86_64.whl.metadata (30 kB)
Collecting filelock (from torch==2.8.0)
  Using cached filelock-3.29.0-py3-none-any.whl.metadata (2.0 kB)
Collecting typing-extensions>=4.10.0 (from torch==2.8.0)
  Using cached typing_extensions-4.15.0-py3-none-any.whl.metadata (3.3 kB)
Collecting setuptools (from torch==2.8.0)
  Using cached setuptools-70.2.0-py3-none-any.whl.metadata (5.8 kB)
Collecting sympy>=1.13.3 (from torch==2.8.0)
  Using cached sympy-1.14.0-py3-none-any.whl.metadata (12 kB)
Collecting networkx (from torch==2.8.0)
  Using cached networkx-3.6.1-py3-none-any.whl.metadata (6.8 kB)
Collecting jinja2 (from torch==2.8.0)
  Using cached jinja2-3.1.6-py3-none-any.whl.metadata (2.9 kB)
Collecting fsspec (from torch==2.8.0)
  Using cached fsspec-2026.4.0-py3-none-any.whl.metadata (10 kB)
Collecting nvidia-cuda-nvrtc-cu12==12.6.77 (from torch==2.8.0)
  Downloading nvidia_cuda_nvrtc_cu12-12.6.77-py3-none-manylinux2014_x86_64.whl (23.7 MB)
     ━━━━━━━━━━━━━━━━━━━━━━━━━━━━━━━━━━━━━━━━ 23.7/23.7 MB 24.8 MB/s  0:00:01
Collecting nvidia-cuda-runtime-cu12==12.6.77 (from torch==2.8.0)
  Downloading nvidia_cuda_runtime_cu12-12.6.77-py3-none-manylinux2014_x86_64.manylinux_2_17_x86_64.whl (897 kB)
     ━━━━━━━━━━━━━━━━━━━━━━━━━━━━━━━━━━━━━━━━ 897.7/897.7 kB 45.9 MB/s  0:00:00
Collecting nvidia-cuda-cupti-cu12==12.6.80 (from torch==2.8.0)
  Downloading nvidia_cuda_cupti_cu12-12.6.80-py3-none-manylinux2014_x86_64.manylinux_2_17_x86_64.whl (8.9 MB)
     ━━━━━━━━━━━━━━━━━━━━━━━━━━━━━━━━━━━━━━━━ 8.9/8.9 MB 40.6 MB/s  0:00:00
Collecting nvidia-cudnn-cu12==9.10.2.21 (from torch==2.8.0)
  Downloading nvidia_cudnn_cu12-9.10.2.21-py3-none-manylinux_2_27_x86_64.whl (706.8 MB)
     ━━━━━━━━━━━━━━━━━━━━━━━━━━━━━━━━━━━━━━━━ 706.8/706.8 MB 26.1 MB/s  0:00:26
Collecting nvidia-cublas-cu12==12.6.4.1 (from torch==2.8.0)
  Downloading nvidia_cublas_cu12-12.6.4.1-py3-none-manylinux2014_x86_64.manylinux_2_17_x86_64.whl (393.1 MB)
     ━━━━━━━━━━━━━━━━━━━━━━━━━━━━━━━━━━━━━━━━ 393.1/393.1 MB 26.1 MB/s  0:00:14
Collecting nvidia-cufft-cu12==11.3.0.4 (from torch==2.8.0)
  Downloading nvidia_cufft_cu12-11.3.0.4-py3-none-manylinux2014_x86_64.manylinux_2_17_x86_64.whl (200.2 MB)
     ━━━━━━━━━━━━━━━━━━━━━━━━━━━━━━━━━━━━━━━━ 200.2/200.2 MB 25.9 MB/s  0:00:07
Collecting nvidia-curand-cu12==10.3.7.77 (from torch==2.8.0)
  Downloading nvidia_curand_cu12-10.3.7.77-py3-none-manylinux2014_x86_64.manylinux_2_17_x86_64.whl (56.3 MB)
     ━━━━━━━━━━━━━━━━━━━━━━━━━━━━━━━━━━━━━━━━ 56.3/56.3 MB 26.8 MB/s  0:00:02
Collecting nvidia-cusolver-cu12==11.7.1.2 (from torch==2.8.0)
  Downloading nvidia_cusolver_cu12-11.7.1.2-py3-none-manylinux2014_x86_64.manylinux_2_17_x86_64.whl (158.2 MB)
     ━━━━━━━━━━━━━━━━━━━━━━━━━━━━━━━━━━━━━━━━ 158.2/158.2 MB 27.3 MB/s  0:00:05
Collecting nvidia-cusparse-cu12==12.5.4.2 (from torch==2.8.0)
  Downloading nvidia_cusparse_cu12-12.5.4.2-py3-none-manylinux2014_x86_64.manylinux_2_17_x86_64.whl (216.6 MB)
     ━━━━━━━━━━━━━━━━━━━━━━━━━━━━━━━━━━━━━━━━ 216.6/216.6 MB 23.3 MB/s  0:00:09
Collecting nvidia-cusparselt-cu12==0.7.1 (from torch==2.8.0)
  Downloading nvidia_cusparselt_cu12-0.7.1-py3-none-manylinux2014_x86_64.whl (287.2 MB)
     ━━━━━━━━━━━━━━━━━━━━━━━━━━━━━━━━━━━━━━━━ 287.2/287.2 MB 26.7 MB/s  0:00:10
Collecting nvidia-nccl-cu12==2.27.3 (from torch==2.8.0)
  Downloading nvidia_nccl_cu12-2.27.3-py3-none-manylinux2014_x86_64.manylinux_2_17_x86_64.whl (322.4 MB)
     ━━━━━━━━━━━━━━━━━━━━━━━━━━━━━━━━━━━━━━━━ 322.4/322.4 MB 26.5 MB/s  0:00:12
Collecting nvidia-nvtx-cu12==12.6.77 (from torch==2.8.0)
  Downloading nvidia_nvtx_cu12-12.6.77-py3-none-manylinux2014_x86_64.manylinux_2_17_x86_64.whl (89 kB)
Collecting nvidia-nvjitlink-cu12==12.6.85 (from torch==2.8.0)
  Downloading nvidia_nvjitlink_cu12-12.6.85-py3-none-manylinux2010_x86_64.manylinux_2_12_x86_64.whl (19.7 MB)
     ━━━━━━━━━━━━━━━━━━━━━━━━━━━━━━━━━━━━━━━━ 19.7/19.7 MB 28.1 MB/s  0:00:00
Collecting nvidia-cufile-cu12==1.11.1.6 (from torch==2.8.0)
  Downloading nvidia_cufile_cu12-1.11.1.6-py3-none-manylinux2014_x86_64.manylinux_2_17_x86_64.whl (1.1 MB)
     ━━━━━━━━━━━━━━━━━━━━━━━━━━━━━━━━━━━━━━━━ 1.1/1.1 MB 28.9 MB/s  0:00:00
Collecting triton==3.4.0 (from torch==2.8.0)
  Downloading triton-3.4.0-cp312-cp312-manylinux_2_27_x86_64.manylinux_2_28_x86_64.whl.metadata (1.7 kB)
Collecting mpmath<1.4,>=1.1.0 (from sympy>=1.13.3->torch==2.8.0)
  Using cached mpmath-1.3.0-py3-none-any.whl.metadata (8.6 kB)
Collecting MarkupSafe>=2.0 (from jinja2->torch==2.8.0)
  Using cached markupsafe-3.0.3-cp312-cp312-manylinux2014_x86_64.manylinux_2_17_x86_64.manylinux_2_28_x86_64.whl.metadata (2.7 kB)
Downloading torch-2.8.0%2Bcu126-cp312-cp312-manylinux_2_28_x86_64.whl (821.8 MB)
   ━━━━━━━━━━━━━━━━━━━━━━━━━━━━━━━━━━━━━━━━ 821.8/821.8 MB 23.9 MB/s  0:00:31
Downloading triton-3.4.0-cp312-cp312-manylinux_2_27_x86_64.manylinux_2_28_x86_64.whl (155.6 MB)
   ━━━━━━━━━━━━━━━━━━━━━━━━━━━━━━━━━━━━━━━━ 155.6/155.6 MB 24.8 MB/s  0:00:06
Using cached setuptools-70.2.0-py3-none-any.whl (930 kB)
Using cached sympy-1.14.0-py3-none-any.whl (6.3 MB)
Using cached mpmath-1.3.0-py3-none-any.whl (536 kB)
Using cached typing_extensions-4.15.0-py3-none-any.whl (44 kB)
Using cached filelock-3.29.0-py3-none-any.whl (39 kB)
Using cached fsspec-2026.4.0-py3-none-any.whl (203 kB)
Using cached jinja2-3.1.6-py3-none-any.whl (134 kB)
Using cached markupsafe-3.0.3-cp312-cp312-manylinux2014_x86_64.manylinux_2_17_x86_64.manylinux_2_28_x86_64.whl (22 kB)
Using cached networkx-3.6.1-py3-none-any.whl (2.1 MB)
Installing collected packages: nvidia-cusparselt-cu12, mpmath, typing-extensions, sympy, setuptools, nvidia-nvtx-cu12, nvidia-nvjitlink-cu12, nvidia-nccl-cu12, nvidia-curand-cu12, nvidia-cufile-cu12, nvidia-cuda-runtime-cu12, nvidia-cuda-nvrtc-cu12, nvidia-cuda-cupti-cu12, nvidia-cublas-cu12, networkx, MarkupSafe, fsspec, filelock, triton, nvidia-cusparse-cu12, nvidia-cufft-cu12, nvidia-cudnn-cu12, jinja2, nvidia-cusolver-cu12, torch

Successfully installed MarkupSafe-3.0.3 filelock-3.29.0 fsspec-2026.4.0 jinja2-3.1.6 mpmath-1.3.0 networkx-3.6.1 nvidia-cublas-cu12-12.6.4.1 nvidia-cuda-cupti-cu12-12.6.80 nvidia-cuda-nvrtc-cu12-12.6.77 nvidia-cuda-runtime-cu12-12.6.77 nvidia-cudnn-cu12-9.10.2.21 nvidia-cufft-cu12-11.3.0.4 nvidia-cufile-cu12-1.11.1.6 nvidia-curand-cu12-10.3.7.77 nvidia-cusolver-cu12-11.7.1.2 nvidia-cusparse-cu12-12.5.4.2 nvidia-cusparselt-cu12-0.7.1 nvidia-nccl-cu12-2.27.3 nvidia-nvjitlink-cu12-12.6.85 nvidia-nvtx-cu12-12.6.77 setuptools-70.2.0 sympy-1.14.0 torch-2.8.0+cu126 triton-3.4.0 typing-extensions-4.15.0
Collecting einops
  Using cached einops-0.8.2-py3-none-any.whl.metadata (13 kB)
Collecting jaxtyping
  Using cached jaxtyping-0.3.10-py3-none-any.whl.metadata (6.2 kB)
Collecting beartype
  Using cached beartype-0.22.9-py3-none-any.whl.metadata (37 kB)
Collecting matplotlib
  Using cached matplotlib-3.10.9-cp312-cp312-manylinux2014_x86_64.manylinux_2_17_x86_64.whl.metadata (52 kB)
Collecting numpy
  Using cached numpy-2.4.6-cp312-cp312-manylinux_2_27_x86_64.manylinux_2_28_x86_64.whl.metadata (6.6 kB)
Collecting wadler-lindig>=0.1.3 (from jaxtyping)
  Using cached wadler_lindig-0.1.7-py3-none-any.whl.metadata (17 kB)
Collecting contourpy>=1.0.1 (from matplotlib)
  Using cached contourpy-1.3.3-cp312-cp312-manylinux_2_27_x86_64.manylinux_2_28_x86_64.whl.metadata (5.5 kB)
Collecting cycler>=0.10 (from matplotlib)
  Using cached cycler-0.12.1-py3-none-any.whl.metadata (3.8 kB)
Collecting fonttools>=4.22.0 (from matplotlib)
  Using cached fonttools-4.63.0-cp312-cp312-manylinux2014_x86_64.manylinux_2_17_x86_64.whl.metadata (118 kB)
Collecting kiwisolver>=1.3.1 (from matplotlib)
  Using cached kiwisolver-1.5.0-cp312-cp312-manylinux2014_x86_64.manylinux_2_17_x86_64.whl.metadata (5.1 kB)
Collecting packaging>=20.0 (from matplotlib)
  Using cached packaging-26.2-py3-none-any.whl.metadata (3.5 kB)
Collecting pillow>=8 (from matplotlib)
  Using cached pillow-12.2.0-cp312-cp312-manylinux_2_27_x86_64.manylinux_2_28_x86_64.whl.metadata (8.8 kB)
Collecting pyparsing>=3 (from matplotlib)
  Using cached pyparsing-3.3.2-py3-none-any.whl.metadata (5.8 kB)
Collecting python-dateutil>=2.7 (from matplotlib)
  Using cached python_dateutil-2.9.0.post0-py2.py3-none-any.whl.metadata (8.4 kB)
Collecting six>=1.5 (from python-dateutil>=2.7->matplotlib)
  Using cached six-1.17.0-py2.py3-none-any.whl.metadata (1.7 kB)
Using cached einops-0.8.2-py3-none-any.whl (65 kB)
Using cached jaxtyping-0.3.10-py3-none-any.whl (56 kB)
Using cached beartype-0.22.9-py3-none-any.whl (1.3 MB)
Using cached matplotlib-3.10.9-cp312-cp312-manylinux2014_x86_64.manylinux_2_17_x86_64.whl (8.8 MB)
Using cached numpy-2.4.6-cp312-cp312-manylinux_2_27_x86_64.manylinux_2_28_x86_64.whl (16.6 MB)
Using cached contourpy-1.3.3-cp312-cp312-manylinux_2_27_x86_64.manylinux_2_28_x86_64.whl (362 kB)
Using cached cycler-0.12.1-py3-none-any.whl (8.3 kB)
Using cached fonttools-4.63.0-cp312-cp312-manylinux2014_x86_64.manylinux_2_17_x86_64.whl (5.0 MB)
Using cached kiwisolver-1.5.0-cp312-cp312-manylinux2014_x86_64.manylinux_2_17_x86_64.whl (1.5 MB)
Using cached packaging-26.2-py3-none-any.whl (100 kB)
Using cached pillow-12.2.0-cp312-cp312-manylinux_2_27_x86_64.manylinux_2_28_x86_64.whl (7.1 MB)
Using cached pyparsing-3.3.2-py3-none-any.whl (122 kB)
Using cached python_dateutil-2.9.0.post0-py2.py3-none-any.whl (229 kB)
Using cached six-1.17.0-py2.py3-none-any.whl (11 kB)
Using cached wadler_lindig-0.1.7-py3-none-any.whl (20 kB)
Installing collected packages: wadler-lindig, six, pyparsing, pillow, packaging, numpy, kiwisolver, fonttools, einops, cycler, beartype, python-dateutil, jaxtyping, contourpy, matplotlib

Successfully installed beartype-0.22.9 contourpy-1.3.3 cycler-0.12.1 einops-0.8.2 fonttools-4.63.0 jaxtyping-0.3.10 kiwisolver-1.5.0 matplotlib-3.10.9 numpy-2.4.6 packaging-26.2 pillow-12.2.0 pyparsing-3.3.2 python-dateutil-2.9.0.post0 six-1.17.0 wadler-lindig-0.1.7
torch 2.8.0+cu126 cuda 12.6 avail True
device NVIDIA H100 80GB HBM3
=== running benchmark ...
[bench] flash_attn.cute unavailable (ModuleNotFoundError("No module named 'flash_attn'")); using SDPA for QK.
GPU: NVIDIA H100 80GB HBM3  dtype=bf16
A=48 B=1 H=16 D=48
QK backend: SDPA
warmup=20 iters=50

== FWD (ms / call) ==
     L        fused        split      ratio
    64       0.0949       0.0776     0.818x
   128       0.0959       0.0842     0.878x
   256       0.1751       0.2483     1.418x
   384       0.3628       0.4745     1.308x

== FWDBWD (ms / call) ==
     L        fused        split      ratio
    64       0.4749       0.6111     1.287x
   128       0.4228       0.6152     1.455x
   256       1.1274       0.9885     0.877x
   384       2.3790       1.8796     0.790x

wrote /home/psk6950/FlashAttentionBias/aug_attn_bench/bench_aug_attn.txt
=== done. txt: /home/psk6950/FlashAttentionBias/aug_attn_bench/bench_aug_attn.txt
